// Jest Snapshot v1, https://goo.gl/fbAQLP

exports[`Render component Modal => render snapshot Render correctly 1`] = `"<div class=\\"sc-bdVaJa fPAUKf\\"><div class=\\"sc-bwzfXH hvcgaO\\"><div class=\\"sc-htpNat bnKPqT\\"><div class=\\"sc-bxivhb dGAJNz\\"><svg xmlns=\\"http://www.w3.org/2000/svg\\" width=\\"24\\" height=\\"24\\" viewBox=\\"0 0 24 24\\" fill=\\"none\\" stroke=\\"currentColor\\" stroke-width=\\"2\\" stroke-linecap=\\"round\\" stroke-linejoin=\\"round\\"><line x1=\\"18\\" y1=\\"6\\" x2=\\"6\\" y2=\\"18\\"></line><line x1=\\"6\\" y1=\\"6\\" x2=\\"18\\" y2=\\"18\\"></line></svg></div></div><div>test</div></div></div>"`;
