// Jest Snapshot v1, https://goo.gl/fbAQLP

exports[`TimePicker Component TimePicker => render snapshot Render correctly 1`] = `"<div width=\\"200px\\" class=\\"sc-bZQynM hPPuJU\\"><div class=\\"sc-bwzfXH iyezzS\\"><input type=\\"text\\" placeholder=\\"00:00\\" readonly=\\"\\" value=\\"\\" class=\\"sc-htpNat jFAhRV\\"/><div class=\\"sc-bxivhb kzVfIo\\"><div color=\\"#B6B6B6\\" class=\\"sc-bdVaJa ilgoGI\\"><svg xmlns=\\"http://www.w3.org/2000/svg\\" width=\\"24\\" height=\\"24\\" viewBox=\\"0 0 24 24\\" fill=\\"none\\" stroke=\\"currentColor\\" stroke-width=\\"2\\" stroke-linecap=\\"round\\" stroke-linejoin=\\"round\\"><polyline points=\\"6 9 12 15 18 9\\"></polyline></svg></div></div></div></div>"`;
